// Jest Snapshot v1, https://goo.gl/fbAQLP

exports[`Async repos actions should response failure 1`] = `
Array [
  Object {
    "type": "FETCH_REPOS_REQUEST",
  },
]
`;

exports[`Async repos actions should response success 1`] = `
Array [
  Object {
    "type": "FETCH_REPOS_REQUEST",
  },
]
`;
